<?xml version="1.0" encoding="UTF-8"?>
<testsuites name="jest tests" tests="15" failures="4" time="6.138">
  <testsuite name="withFetching HOC" errors="0" failures="3" skipped="0" timestamp="2021-09-14T08:21:02" time="3.239" tests="3">
    <testcase classname="withFetching HOC" name="renders loading component while data is loading" time="0.397">
      <failure>Error: expect(received).toHaveLength(expected)

Expected length: 0
Received length: 1
Received array:  [{&quot;_fiber&quot;: {&quot;_debugID&quot;: 4, &quot;_debugIsCurrentlyTiming&quot;: false, &quot;_debugOwner&quot;: null, &quot;_debugSource&quot;: null, &quot;alternate&quot;: null, &quot;child&quot;: {&quot;_debugID&quot;: 5, &quot;_debugIsCurrentlyTiming&quot;: false, &quot;_debugOwner&quot;: [Circular], &quot;_debugSource&quot;: null, &quot;alternate&quot;: null, &quot;child&quot;: {&quot;_debugID&quot;: 6, &quot;_debugIsCurrentlyTiming&quot;: false, &quot;_debugOwner&quot;: [Circular], &quot;_debugSource&quot;: null, &quot;alternate&quot;: null, &quot;child&quot;: null, &quot;childExpirationTime&quot;: 0, &quot;contextDependencies&quot;: null, &quot;effectTag&quot;: 0, &quot;elementType&quot;: &quot;View&quot;, &quot;expirationTime&quot;: 0, &quot;firstEffect&quot;: null, &quot;index&quot;: 0, &quot;key&quot;: null, &quot;lastEffect&quot;: null, &quot;memoizedProps&quot;: {&quot;children&quot;: undefined}, &quot;memoizedState&quot;: null, &quot;mode&quot;: 0, &quot;nextEffect&quot;: null, &quot;pendingProps&quot;: {&quot;children&quot;: undefined}, &quot;ref&quot;: null, &quot;return&quot;: [Circular], &quot;sibling&quot;: null, &quot;stateNode&quot;: {&quot;children&quot;: [], &quot;isHidden&quot;: false, &quot;props&quot;: {&quot;children&quot;: undefined}, &quot;rootContainerInstance&quot;: {&quot;children&quot;: [[Circular]], &quot;createNodeMock&quot;: [Function createNodeMock], &quot;tag&quot;: &quot;CONTAINER&quot;}, &quot;tag&quot;: &quot;INSTANCE&quot;, &quot;type&quot;: &quot;View&quot;}, &quot;tag&quot;: 5, &quot;type&quot;: &quot;View&quot;, &quot;updateQueue&quot;: null}, &quot;childExpirationTime&quot;: 0, &quot;contextDependencies&quot;: null, &quot;effectTag&quot;: 1, &quot;elementType&quot;: [Function Component], &quot;expirationTime&quot;: 0, &quot;firstEffect&quot;: null, &quot;index&quot;: 0, &quot;key&quot;: null, &quot;lastEffect&quot;: null, &quot;memoizedProps&quot;: {}, &quot;memoizedState&quot;: null, &quot;mode&quot;: 0, &quot;nextEffect&quot;: null, &quot;pendingProps&quot;: {}, &quot;ref&quot;: null, &quot;return&quot;: [Circular], &quot;sibling&quot;: null, &quot;stateNode&quot;: {&quot;_reactInternalFiber&quot;: [Circular], &quot;_reactInternalInstance&quot;: {}, &quot;context&quot;: {}, &quot;props&quot;: {}, &quot;refs&quot;: {}, &quot;state&quot;: null, &quot;updater&quot;: {&quot;enqueueForceUpdate&quot;: [Function enqueueForceUpdate], &quot;enqueueReplaceState&quot;: [Function enqueueReplaceState], &quot;enqueueSetState&quot;: [Function enqueueSetState], &quot;isMounted&quot;: [Function isMounted]}}, &quot;tag&quot;: 1, &quot;type&quot;: [Function Component], &quot;updateQueue&quot;: null}, &quot;childExpirationTime&quot;: 0, &quot;contextDependencies&quot;: null, &quot;effectTag&quot;: 1, &quot;elementType&quot;: [Function TestMainComponent], &quot;expirationTime&quot;: 0, &quot;firstEffect&quot;: null, &quot;index&quot;: 0, &quot;key&quot;: null, &quot;lastEffect&quot;: null, &quot;memoizedProps&quot;: {}, &quot;memoizedState&quot;: null, &quot;mode&quot;: 0, &quot;nextEffect&quot;: null, &quot;pendingProps&quot;: {}, &quot;ref&quot;: null, &quot;return&quot;: {&quot;_debugID&quot;: 2, &quot;_debugIsCurrentlyTiming&quot;: false, &quot;_debugOwner&quot;: null, &quot;_debugSource&quot;: null, &quot;alternate&quot;: {&quot;_debugID&quot;: 2, &quot;_debugIsCurrentlyTiming&quot;: false, &quot;_debugOwner&quot;: null, &quot;_debugSource&quot;: null, &quot;alternate&quot;: [Circular], &quot;child&quot;: null, &quot;childExpirationTime&quot;: 0, &quot;contextDependencies&quot;: null, &quot;effectTag&quot;: 0, &quot;elementType&quot;: null, &quot;expirationTime&quot;: 1073741823, &quot;firstEffect&quot;: null, &quot;index&quot;: 0, &quot;key&quot;: null, &quot;lastEffect&quot;: null, &quot;memoizedProps&quot;: null, &quot;memoizedState&quot;: null, &quot;mode&quot;: 0, &quot;nextEffect&quot;: null, &quot;pendingProps&quot;: null, &quot;ref&quot;: null, &quot;return&quot;: null, &quot;sibling&quot;: null, &quot;stateNode&quot;: {&quot;containerInfo&quot;: {&quot;children&quot;: [{&quot;children&quot;: [], &quot;isHidden&quot;: false, &quot;props&quot;: {&quot;children&quot;: undefined}, &quot;rootContainerInstance&quot;: [Circular], &quot;tag&quot;: &quot;INSTANCE&quot;, &quot;type&quot;: &quot;View&quot;}], &quot;createNodeMock&quot;: [Function createNodeMock], &quot;tag&quot;: &quot;CONTAINER&quot;}, &quot;context&quot;: {}, &quot;current&quot;: [Circular], &quot;didError&quot;: false, &quot;earliestPendingTime&quot;: 0, &quot;earliestSuspendedTime&quot;: 0, &quot;expirationTime&quot;: 0, &quot;finishedWork&quot;: null, &quot;firstBatch&quot;: null, &quot;hydrate&quot;: false, &quot;latestPendingTime&quot;: 0, &quot;latestPingedTime&quot;: 0, &quot;latestSuspendedTime&quot;: 0, &quot;nextExpirationTimeToWorkOn&quot;: 0, &quot;nextScheduledRoot&quot;: null, &quot;pendingChildren&quot;: null, &quot;pendingCommitExpirationTime&quot;: 0, &quot;pendingContext&quot;: null, &quot;pingCache&quot;: null, &quot;timeoutHandle&quot;: -1}, &quot;tag&quot;: 3, &quot;type&quot;: null, &quot;updateQueue&quot;: {&quot;baseState&quot;: null, &quot;firstCapturedEffect&quot;: null, &quot;firstCapturedUpdate&quot;: null, &quot;firstEffect&quot;: null, &quot;firstUpdate&quot;: {&quot;callback&quot;: null, &quot;expirationTime&quot;: 1073741823, &quot;next&quot;: null, &quot;nextEffect&quot;: null, &quot;payload&quot;: {&quot;element&quot;: &lt;TestMainComponent /&gt;}, &quot;tag&quot;: 0}, &quot;lastCapturedEffect&quot;: null, &quot;lastCapturedUpdate&quot;: null, &quot;lastEffect&quot;: null, &quot;lastUpdate&quot;: {&quot;callback&quot;: null, &quot;expirationTime&quot;: 1073741823, &quot;next&quot;: null, &quot;nextEffect&quot;: null, &quot;payload&quot;: {&quot;element&quot;: &lt;TestMainComponent /&gt;}, &quot;tag&quot;: 0}}}, &quot;child&quot;: [Circular], &quot;childExpirationTime&quot;: 0, &quot;contextDependencies&quot;: null, &quot;effectTag&quot;: 0, &quot;elementType&quot;: null, &quot;expirationTime&quot;: 0, &quot;firstEffect&quot;: [Circular], &quot;index&quot;: 0, &quot;key&quot;: null, &quot;lastEffect&quot;: [Circular], &quot;memoizedProps&quot;: null, &quot;memoizedState&quot;: {&quot;element&quot;: &lt;TestMainComponent /&gt;}, &quot;mode&quot;: 0, &quot;nextEffect&quot;: null, &quot;pendingProps&quot;: null, &quot;ref&quot;: null, &quot;return&quot;: null, &quot;sibling&quot;: null, &quot;stateNode&quot;: {&quot;containerInfo&quot;: {&quot;children&quot;: [{&quot;children&quot;: [], &quot;isHidden&quot;: false, &quot;props&quot;: {&quot;children&quot;: undefined}, &quot;rootContainerInstance&quot;: [Circular], &quot;tag&quot;: &quot;INSTANCE&quot;, &quot;type&quot;: &quot;View&quot;}], &quot;createNodeMock&quot;: [Function createNodeMock], &quot;tag&quot;: &quot;CONTAINER&quot;}, &quot;context&quot;: {}, &quot;current&quot;: [Circular], &quot;didError&quot;: false, &quot;earliestPendingTime&quot;: 0, &quot;earliestSuspendedTime&quot;: 0, &quot;expirationTime&quot;: 0, &quot;finishedWork&quot;: null, &quot;firstBatch&quot;: null, &quot;hydrate&quot;: false, &quot;latestPendingTime&quot;: 0, &quot;latestPingedTime&quot;: 0, &quot;latestSuspendedTime&quot;: 0, &quot;nextExpirationTimeToWorkOn&quot;: 0, &quot;nextScheduledRoot&quot;: null, &quot;pendingChildren&quot;: null, &quot;pendingCommitExpirationTime&quot;: 0, &quot;pendingContext&quot;: null, &quot;pingCache&quot;: null, &quot;timeoutHandle&quot;: -1}, &quot;tag&quot;: 3, &quot;type&quot;: null, &quot;updateQueue&quot;: {&quot;baseState&quot;: {&quot;element&quot;: &lt;TestMainComponent /&gt;}, &quot;firstCapturedEffect&quot;: null, &quot;firstCapturedUpdate&quot;: null, &quot;firstEffect&quot;: null, &quot;firstUpdate&quot;: null, &quot;lastCapturedEffect&quot;: null, &quot;lastCapturedUpdate&quot;: null, &quot;lastEffect&quot;: null, &quot;lastUpdate&quot;: null}}, &quot;sibling&quot;: null, &quot;stateNode&quot;: null, &quot;tag&quot;: 0, &quot;type&quot;: [Function TestMainComponent], &quot;updateQueue&quot;: null}}]
    at _callee$ (/Users/klaz/Documents/programs/symmetrical-octo-barnacle/__tests__/withFetching.spec.js:25:32)
    at tryCatch (/Users/klaz/Documents/programs/symmetrical-octo-barnacle/node_modules/@babel/runtime/node_modules/regenerator-runtime/runtime.js:63:40)
    at Generator.invoke [as _invoke] (/Users/klaz/Documents/programs/symmetrical-octo-barnacle/node_modules/@babel/runtime/node_modules/regenerator-runtime/runtime.js:294:22)
    at Generator.next (/Users/klaz/Documents/programs/symmetrical-octo-barnacle/node_modules/@babel/runtime/node_modules/regenerator-runtime/runtime.js:119:21)
    at tryCatch (/Users/klaz/Documents/programs/symmetrical-octo-barnacle/node_modules/@babel/runtime/node_modules/regenerator-runtime/runtime.js:63:40)
    at invoke (/Users/klaz/Documents/programs/symmetrical-octo-barnacle/node_modules/@babel/runtime/node_modules/regenerator-runtime/runtime.js:155:20)
    at /Users/klaz/Documents/programs/symmetrical-octo-barnacle/node_modules/@babel/runtime/node_modules/regenerator-runtime/runtime.js:190:11
    at tryCallTwo (/Users/klaz/Documents/programs/symmetrical-octo-barnacle/node_modules/promise/lib/core.js:45:5)
    at doResolve (/Users/klaz/Documents/programs/symmetrical-octo-barnacle/node_modules/promise/lib/core.js:200:13)
    at new Promise (/Users/klaz/Documents/programs/symmetrical-octo-barnacle/node_modules/promise/lib/core.js:66:3)</failure>
    </testcase>
    <testcase classname="withFetching HOC" name="renders main component with loaded data after data is loaded" time="0.004">
      <failure>Error: expect(received).toEqual(expected) // deep equality

Expected: {&quot;data&quot;: &quot;very important data&quot;}
Received: undefined
    at _callee2$ (/Users/klaz/Documents/programs/symmetrical-octo-barnacle/__tests__/withFetching.spec.js:45:49)
    at tryCatch (/Users/klaz/Documents/programs/symmetrical-octo-barnacle/node_modules/@babel/runtime/node_modules/regenerator-runtime/runtime.js:63:40)
    at Generator.invoke [as _invoke] (/Users/klaz/Documents/programs/symmetrical-octo-barnacle/node_modules/@babel/runtime/node_modules/regenerator-runtime/runtime.js:294:22)
    at Generator.next (/Users/klaz/Documents/programs/symmetrical-octo-barnacle/node_modules/@babel/runtime/node_modules/regenerator-runtime/runtime.js:119:21)
    at tryCatch (/Users/klaz/Documents/programs/symmetrical-octo-barnacle/node_modules/@babel/runtime/node_modules/regenerator-runtime/runtime.js:63:40)
    at invoke (/Users/klaz/Documents/programs/symmetrical-octo-barnacle/node_modules/@babel/runtime/node_modules/regenerator-runtime/runtime.js:155:20)
    at /Users/klaz/Documents/programs/symmetrical-octo-barnacle/node_modules/@babel/runtime/node_modules/regenerator-runtime/runtime.js:165:13
    at tryCallOne (/Users/klaz/Documents/programs/symmetrical-octo-barnacle/node_modules/promise/lib/core.js:37:12)
    at /Users/klaz/Documents/programs/symmetrical-octo-barnacle/node_modules/promise/lib/core.js:123:15
    at flush (/Users/klaz/Documents/programs/symmetrical-octo-barnacle/node_modules/asap/raw.js:50:29)</failure>
    </testcase>
    <testcase classname="withFetching HOC" name="passes reload prop to allow a child to load the data again" time="0.002">
      <failure>TypeError: testMainComponents[0].props.reload is not a function
    at _callee3$ (/Users/klaz/Documents/programs/symmetrical-octo-barnacle/__tests__/withFetching.spec.js:60:39)
    at tryCatch (/Users/klaz/Documents/programs/symmetrical-octo-barnacle/node_modules/@babel/runtime/node_modules/regenerator-runtime/runtime.js:63:40)
    at Generator.invoke [as _invoke] (/Users/klaz/Documents/programs/symmetrical-octo-barnacle/node_modules/@babel/runtime/node_modules/regenerator-runtime/runtime.js:294:22)
    at Generator.next (/Users/klaz/Documents/programs/symmetrical-octo-barnacle/node_modules/@babel/runtime/node_modules/regenerator-runtime/runtime.js:119:21)
    at tryCatch (/Users/klaz/Documents/programs/symmetrical-octo-barnacle/node_modules/@babel/runtime/node_modules/regenerator-runtime/runtime.js:63:40)
    at invoke (/Users/klaz/Documents/programs/symmetrical-octo-barnacle/node_modules/@babel/runtime/node_modules/regenerator-runtime/runtime.js:155:20)
    at /Users/klaz/Documents/programs/symmetrical-octo-barnacle/node_modules/@babel/runtime/node_modules/regenerator-runtime/runtime.js:165:13
    at tryCallOne (/Users/klaz/Documents/programs/symmetrical-octo-barnacle/node_modules/promise/lib/core.js:37:12)
    at /Users/klaz/Documents/programs/symmetrical-octo-barnacle/node_modules/promise/lib/core.js:123:15
    at flush (/Users/klaz/Documents/programs/symmetrical-octo-barnacle/node_modules/asap/raw.js:50:29)</failure>
    </testcase>
  </testsuite>
  <testsuite name="CandidateProfileScreen" errors="0" failures="1" skipped="0" timestamp="2021-09-14T08:21:02" time="3.651" tests="1">
    <testcase classname="CandidateProfileScreen" name="renders correctly" time="0.382">
      <failure>Error: expect(received).toMatchSnapshot()

Snapshot name: `CandidateProfileScreen renders correctly 1`

- Snapshot
+ Received

@@ -31,185 +31,8 @@
            &quot;width&quot;: 150,
          }
        }
      /&gt;
    &lt;/View&gt;
-   &lt;View
-     style={Object {}}
-   &gt;
-     &lt;View
-       style={
-         Object {
-           &quot;alignItems&quot;: &quot;center&quot;,
-         }
-       }
-     &gt;
-       &lt;Text
-         style={
-           Object {
-             &quot;fontSize&quot;: 18,
-             &quot;fontWeight&quot;: &quot;bold&quot;,
-           }
-         }
-       &gt;
-         Personal
-       &lt;/Text&gt;
-     &lt;/View&gt;
-     &lt;View
-       style={
-         Object {
-           &quot;padding&quot;: 8,
-         }
-       }
-     &gt;
-       &lt;Text
-         style={
-           Object {
-             &quot;fontSize&quot;: 12,
-             &quot;fontWeight&quot;: &quot;bold&quot;,
-           }
-         }
-       &gt;
-         Name:
-       &lt;/Text&gt;
-       &lt;Text
-         style={
-           Object {
-             &quot;fontSize&quot;: 18,
-           }
-         }
-       &gt;
-         Jan
-       &lt;/Text&gt;
-     &lt;/View&gt;
-     &lt;View
-       style={
-         Object {
-           &quot;padding&quot;: 8,
-         }
-       }
-     &gt;
-       &lt;Text
-         style={
-           Object {
-             &quot;fontSize&quot;: 12,
-             &quot;fontWeight&quot;: &quot;bold&quot;,
-           }
-         }
-       &gt;
-         Surname:
-       &lt;/Text&gt;
-       &lt;Text
-         style={
-           Object {
-             &quot;fontSize&quot;: 18,
-           }
-         }
-       &gt;
-         Kowalski
-       &lt;/Text&gt;
-     &lt;/View&gt;
-   &lt;/View&gt;
-   &lt;View
-     style={Object {}}
-   &gt;
-     &lt;View
-       style={
-         Object {
-           &quot;alignItems&quot;: &quot;center&quot;,
-         }
-       }
-     &gt;
-       &lt;Text
-         style={
-           Object {
-             &quot;fontSize&quot;: 18,
-             &quot;fontWeight&quot;: &quot;bold&quot;,
-           }
-         }
-       &gt;
-         Contact
-       &lt;/Text&gt;
-     &lt;/View&gt;
-     &lt;View
-       style={
-         Object {
-           &quot;padding&quot;: 8,
-         }
-       }
-     &gt;
-       &lt;Text
-         style={
-           Object {
-             &quot;fontSize&quot;: 12,
-             &quot;fontWeight&quot;: &quot;bold&quot;,
-           }
-         }
-       &gt;
-         Email:
-       &lt;/Text&gt;
-       &lt;Text
-         style={
-           Object {
-             &quot;fontSize&quot;: 18,
-           }
-         }
-       &gt;
-         jk@m.com
-       &lt;/Text&gt;
-     &lt;/View&gt;
-     &lt;View
-       style={
-         Object {
-           &quot;padding&quot;: 8,
-         }
-       }
-     &gt;
-       &lt;Text
-         style={
-           Object {
-             &quot;fontSize&quot;: 12,
-             &quot;fontWeight&quot;: &quot;bold&quot;,
-           }
-         }
-       &gt;
-         City:
-       &lt;/Text&gt;
-       &lt;Text
-         style={
-           Object {
-             &quot;fontSize&quot;: 18,
-           }
-         }
-       &gt;
-         Poznan
-       &lt;/Text&gt;
-     &lt;/View&gt;
-     &lt;View
-       style={
-         Object {
-           &quot;padding&quot;: 8,
-         }
-       }
-     &gt;
-       &lt;Text
-         style={
-           Object {
-             &quot;fontSize&quot;: 12,
-             &quot;fontWeight&quot;: &quot;bold&quot;,
-           }
-         }
-       &gt;
-         Country:
-       &lt;/Text&gt;
-       &lt;Text
-         style={
-           Object {
-             &quot;fontSize&quot;: 18,
-           }
-         }
-       &gt;
-         Poland
-       &lt;/Text&gt;
-     &lt;/View&gt;
-   &lt;/View&gt;
+   &lt;View /&gt;
+   &lt;View /&gt;
  &lt;/View&gt;
    at Object.&lt;anonymous&gt; (/Users/klaz/Documents/programs/symmetrical-octo-barnacle/__tests__/CandidateProfileScreen.spec.js:18:18)
    at Object.asyncJestTest (/Users/klaz/Documents/programs/symmetrical-octo-barnacle/node_modules/@jest/core/node_modules/jest-jasmine2/build/jasmineAsyncInstall.js:102:37)
    at /Users/klaz/Documents/programs/symmetrical-octo-barnacle/node_modules/@jest/core/node_modules/jest-jasmine2/build/queueRunner.js:43:12
    at new Promise (&lt;anonymous&gt;)
    at mapper (/Users/klaz/Documents/programs/symmetrical-octo-barnacle/node_modules/@jest/core/node_modules/jest-jasmine2/build/queueRunner.js:26:19)
    at /Users/klaz/Documents/programs/symmetrical-octo-barnacle/node_modules/@jest/core/node_modules/jest-jasmine2/build/queueRunner.js:73:41
    at processTicksAndRejections (node:internal/process/task_queues:94:5)</failure>
    </testcase>
  </testsuite>
  <testsuite name="withValidation HOC" errors="0" failures="0" skipped="0" timestamp="2021-09-14T08:21:05" time="0.53" tests="3">
    <testcase classname="withValidation HOC" name="passes validateOnChange as a prop to validate changing input" time="0.106">
    </testcase>
    <testcase classname="withValidation HOC" name="passes list of errors after validation" time="0.003">
    </testcase>
    <testcase classname="withValidation HOC" name="notifies of changing input along with validation status" time="0.002">
    </testcase>
  </testsuite>
  <testsuite name="Candidate Service" errors="0" failures="0" skipped="0" timestamp="2021-09-14T08:21:05" time="0.204" tests="5">
    <testcase classname="Candidate Service" name="initially has no candidates" time="0.003">
    </testcase>
    <testcase classname="Candidate Service" name="allows to add new candidate and returns it in response" time="0.003">
    </testcase>
    <testcase classname="Candidate Service" name="allows to update candidate and returns it in response" time="0.002">
    </testcase>
    <testcase classname="Candidate Service" name="allows to fetch candidate details" time="0.002">
    </testcase>
    <testcase classname="Candidate Service" name="allows to remove candidates" time="0.001">
    </testcase>
  </testsuite>
  <testsuite name="CandidateTextInput" errors="0" failures="0" skipped="0" timestamp="2021-09-14T08:21:02" time="4.503" tests="3">
    <testcase classname="CandidateTextInput" name="does not render additional views when there are no errors" time="0.347">
    </testcase>
    <testcase classname="CandidateTextInput" name="render list of errors when errors are present" time="0.005">
    </testcase>
    <testcase classname="CandidateTextInput" name="rendered errors have unique keys" time="0.004">
    </testcase>
  </testsuite>
</testsuites>